// Jest Snapshot v1, https://goo.gl/fbAQLP

exports[`Pruebas en <GifItem /> Tiene que hacer match con el snapshot 1`] = `
<div>
  <div
    class="card"
  >
    <img
      alt="el título"
      src="http://www.google.com"
    />
    <p>
      el título
    </p>
  </div>
</div>
`;
